// Jest Snapshot v1, https://goo.gl/fbAQLP

exports[`sendFileContent should return true: true 1`] = `true`;
